[0.014s] Invoking command in '/home/rw/can_control/build/can_control': CMAKE_PREFIX_PATH=${CMAKE_PREFIX_PATH}:/opt/ros/humble CONDA_PROMPT_MODIFIER=(base) /usr/bin/cmake --build /home/rw/can_control/build/can_control -- -j28 -l28
[0.078s] [35m[1mConsolidate compiler generated dependencies of target can_control[0m
[0.098s] [ 33%] [32mBuilding CXX object CMakeFiles/can_control.dir/src/can_control.cc.o[0m
[8.322s] [ 66%] [32m[1mLinking CXX executable can_control[0m
[8.784s] [100%] Built target can_control
[8.793s] Invoked command in '/home/rw/can_control/build/can_control' returned '0': CMAKE_PREFIX_PATH=${CMAKE_PREFIX_PATH}:/opt/ros/humble CONDA_PROMPT_MODIFIER=(base) /usr/bin/cmake --build /home/rw/can_control/build/can_control -- -j28 -l28
[8.806s] Invoking command in '/home/rw/can_control/build/can_control': CMAKE_PREFIX_PATH=${CMAKE_PREFIX_PATH}:/opt/ros/humble CONDA_PROMPT_MODIFIER=(base) /usr/bin/cmake --install /home/rw/can_control/build/can_control
[8.815s] -- Install configuration: ""
[8.815s] -- Installing: /home/rw/can_control/install/can_control/lib/can_control/can_control
[8.821s] -- Set runtime path of "/home/rw/can_control/install/can_control/lib/can_control/can_control" to ""
[8.821s] -- Up-to-date: /home/rw/can_control/install/can_control/include
[8.822s] -- Up-to-date: /home/rw/can_control/install/can_control/include/can_control
[8.822s] -- Up-to-date: /home/rw/can_control/install/can_control/include/can_control/usb_can_v2.hpp
[8.822s] -- Up-to-date: /home/rw/can_control/install/can_control/share/can_control/launch
[8.822s] -- Up-to-date: /home/rw/can_control/install/can_control/share/can_control/launch/can_control_launch.py
[8.822s] -- Up-to-date: /home/rw/can_control/install/can_control/share/ament_index/resource_index/package_run_dependencies/can_control
[8.822s] -- Up-to-date: /home/rw/can_control/install/can_control/share/ament_index/resource_index/parent_prefix_path/can_control
[8.822s] -- Up-to-date: /home/rw/can_control/install/can_control/share/can_control/environment/ament_prefix_path.sh
[8.822s] -- Up-to-date: /home/rw/can_control/install/can_control/share/can_control/environment/ament_prefix_path.dsv
[8.822s] -- Up-to-date: /home/rw/can_control/install/can_control/share/can_control/environment/path.sh
[8.822s] -- Up-to-date: /home/rw/can_control/install/can_control/share/can_control/environment/path.dsv
[8.822s] -- Up-to-date: /home/rw/can_control/install/can_control/share/can_control/local_setup.bash
[8.822s] -- Up-to-date: /home/rw/can_control/install/can_control/share/can_control/local_setup.sh
[8.822s] -- Up-to-date: /home/rw/can_control/install/can_control/share/can_control/local_setup.zsh
[8.822s] -- Up-to-date: /home/rw/can_control/install/can_control/share/can_control/local_setup.dsv
[8.823s] -- Installing: /home/rw/can_control/install/can_control/share/can_control/package.dsv
[8.823s] -- Up-to-date: /home/rw/can_control/install/can_control/share/ament_index/resource_index/packages/can_control
[8.823s] -- Up-to-date: /home/rw/can_control/install/can_control/share/can_control/cmake/can_controlConfig.cmake
[8.823s] -- Up-to-date: /home/rw/can_control/install/can_control/share/can_control/cmake/can_controlConfig-version.cmake
[8.823s] -- Up-to-date: /home/rw/can_control/install/can_control/share/can_control/package.xml
[8.824s] Invoked command in '/home/rw/can_control/build/can_control' returned '0': CMAKE_PREFIX_PATH=${CMAKE_PREFIX_PATH}:/opt/ros/humble CONDA_PROMPT_MODIFIER=(base) /usr/bin/cmake --install /home/rw/can_control/build/can_control
