[0.006s] Invoking command in '/home/rw/can_control/build/can_control': CMAKE_PREFIX_PATH=/opt/ros/humble CONDA_PROMPT_MODIFIER=(base) /usr/bin/cmake /home/rw/can_control/can_control -DCMAKE_INSTALL_PREFIX=/home/rw/can_control/install/can_control
[0.071s] -- The C compiler identification is GNU 11.4.0
[0.116s] -- The CXX compiler identification is GNU 11.4.0
[0.121s] -- Detecting C compiler ABI info
[0.172s] -- Detecting C compiler ABI info - done
[0.175s] -- Check for working C compiler: /usr/bin/cc - skipped
[0.177s] -- Detecting C compile features
[0.177s] -- Detecting C compile features - done
[0.179s] -- Detecting CXX compiler ABI info
[0.228s] -- Detecting CXX compiler ABI info - done
[0.232s] -- Check for working CXX compiler: /usr/bin/c++ - skipped
[0.232s] -- Detecting CXX compile features
[0.232s] -- Detecting CXX compile features - done
[0.234s] -- Found ament_cmake: 1.3.12 (/opt/ros/humble/share/ament_cmake/cmake)
[0.431s] -- Found Python3: /home/rw/miniconda3/bin/python3 (found version "3.13.5") found components: Interpreter 
[0.492s] -- Found rclcpp: 16.0.15 (/opt/ros/humble/share/rclcpp/cmake)
[0.520s] -- Found rosidl_generator_c: 3.1.7 (/opt/ros/humble/share/rosidl_generator_c/cmake)
[0.522s] -- Found rosidl_adapter: 3.1.7 (/opt/ros/humble/share/rosidl_adapter/cmake)
[0.527s] -- Found rosidl_generator_cpp: 3.1.7 (/opt/ros/humble/share/rosidl_generator_cpp/cmake)
[0.534s] -- Using all available rosidl_typesupport_c: rosidl_typesupport_fastrtps_c;rosidl_typesupport_introspection_c
[0.543s] -- Using all available rosidl_typesupport_cpp: rosidl_typesupport_fastrtps_cpp;rosidl_typesupport_introspection_cpp
[0.567s] -- Found rmw_implementation_cmake: 6.1.2 (/opt/ros/humble/share/rmw_implementation_cmake/cmake)
[0.568s] -- Found rmw_cyclonedds_cpp: 1.3.4 (/opt/ros/humble/share/rmw_cyclonedds_cpp/cmake)
[0.581s] -- Using RMW implementation 'rmw_cyclonedds_cpp' as default
[0.585s] -- Looking for pthread.h
[0.635s] -- Looking for pthread.h - found
[0.635s] -- Performing Test CMAKE_HAVE_LIBC_PTHREAD
[0.682s] -- Performing Test CMAKE_HAVE_LIBC_PTHREAD - Success
[0.683s] -- Found Threads: TRUE  
[0.713s] -- Found geometry_msgs: 4.9.0 (/opt/ros/humble/share/geometry_msgs/cmake)
[0.723s] -- Found PkgConfig: /usr/bin/pkg-config (found version "0.29.2") 
[0.724s] -- Checking for module 'libusb-1.0'
[0.734s] --   Found libusb-1.0, version 1.0.25
[0.757s] -- Configuring incomplete, errors occurred!
[0.757s] See also "/home/rw/can_control/build/can_control/CMakeFiles/CMakeOutput.log".
[0.757s] [31mCMake Error at /opt/ros/humble/share/ament_cmake_target_dependencies/cmake/ament_target_dependencies.cmake:77 (message):
[0.758s]   ament_target_dependencies() the passed package name 'sensor_msgs' was not
[0.758s]   found before
[0.758s] Call Stack (most recent call first):
[0.758s]   CMakeLists.txt:29 (ament_target_dependencies)
[0.758s] 
[0.758s] [0m
[0.762s] Invoked command in '/home/rw/can_control/build/can_control' returned '1': CMAKE_PREFIX_PATH=/opt/ros/humble CONDA_PROMPT_MODIFIER=(base) /usr/bin/cmake /home/rw/can_control/can_control -DCMAKE_INSTALL_PREFIX=/home/rw/can_control/install/can_control
