[0.006s] Invoking command in '/home/rw/can_control/build/can_control': CMAKE_PREFIX_PATH=/opt/ros/humble CONDA_PROMPT_MODIFIER=(base) /usr/bin/cmake --build /home/rw/can_control/build/can_control -- -j28 -l28
[0.034s] [35m[1mConsolidate compiler generated dependencies of target can_control[0m
[0.045s] [ 33%] [32mBuilding CXX object CMakeFiles/can_control.dir/src/can_control.cc.o[0m
[5.313s] [ 66%] [32m[1mLinking CXX executable can_control[0m
[5.607s] [100%] Built target can_control
[5.616s] Invoked command in '/home/rw/can_control/build/can_control' returned '0': CMAKE_PREFIX_PATH=/opt/ros/humble CONDA_PROMPT_MODIFIER=(base) /usr/bin/cmake --build /home/rw/can_control/build/can_control -- -j28 -l28
[5.622s] Invoking command in '/home/rw/can_control/build/can_control': CMAKE_PREFIX_PATH=/opt/ros/humble CONDA_PROMPT_MODIFIER=(base) /usr/bin/cmake --install /home/rw/can_control/build/can_control
[5.627s] -- Install configuration: ""
[5.627s] -- Installing: /home/rw/can_control/install/can_control/lib/can_control/can_control
[5.630s] -- Set runtime path of "/home/rw/can_control/install/can_control/lib/can_control/can_control" to ""
[5.630s] -- Installing: /home/rw/can_control/install/can_control/include
[5.630s] -- Installing: /home/rw/can_control/install/can_control/include/can_control
[5.630s] -- Installing: /home/rw/can_control/install/can_control/include/can_control/usb_can_v2.hpp
[5.630s] -- Installing: /home/rw/can_control/install/can_control/share/ament_index/resource_index/package_run_dependencies/can_control
[5.630s] -- Installing: /home/rw/can_control/install/can_control/share/ament_index/resource_index/parent_prefix_path/can_control
[5.631s] -- Installing: /home/rw/can_control/install/can_control/share/can_control/environment/ament_prefix_path.sh
[5.631s] -- Installing: /home/rw/can_control/install/can_control/share/can_control/environment/ament_prefix_path.dsv
[5.631s] -- Installing: /home/rw/can_control/install/can_control/share/can_control/environment/path.sh
[5.631s] -- Installing: /home/rw/can_control/install/can_control/share/can_control/environment/path.dsv
[5.631s] -- Installing: /home/rw/can_control/install/can_control/share/can_control/local_setup.bash
[5.631s] -- Installing: /home/rw/can_control/install/can_control/share/can_control/local_setup.sh
[5.631s] -- Installing: /home/rw/can_control/install/can_control/share/can_control/local_setup.zsh
[5.631s] -- Installing: /home/rw/can_control/install/can_control/share/can_control/local_setup.dsv
[5.631s] -- Installing: /home/rw/can_control/install/can_control/share/can_control/package.dsv
[5.631s] -- Installing: /home/rw/can_control/install/can_control/share/ament_index/resource_index/packages/can_control
[5.631s] -- Installing: /home/rw/can_control/install/can_control/share/can_control/cmake/can_controlConfig.cmake
[5.631s] -- Installing: /home/rw/can_control/install/can_control/share/can_control/cmake/can_controlConfig-version.cmake
[5.631s] -- Installing: /home/rw/can_control/install/can_control/share/can_control/package.xml
[5.632s] Invoked command in '/home/rw/can_control/build/can_control' returned '0': CMAKE_PREFIX_PATH=/opt/ros/humble CONDA_PROMPT_MODIFIER=(base) /usr/bin/cmake --install /home/rw/can_control/build/can_control
