[0.097s] DEBUG:colcon:Command line arguments: ['/usr/bin/colcon', 'build']
[0.097s] DEBUG:colcon:Parsed command line arguments: Namespace(log_base=None, log_level=None, verb_name='build', build_base='build', install_base='install', merge_install=False, symlink_install=False, test_result_base=None, continue_on_error=False, executor='parallel', parallel_workers=28, event_handlers=None, ignore_user_meta=False, metas=['./colcon.meta'], base_paths=['.'], packages_ignore=None, packages_ignore_regex=None, paths=None, packages_up_to=None, packages_up_to_regex=None, packages_above=None, packages_above_and_dependencies=None, packages_above_depth=None, packages_select_by_dep=None, packages_skip_by_dep=None, packages_skip_up_to=None, packages_select_build_failed=False, packages_skip_build_finished=False, packages_select_test_failures=False, packages_skip_test_passed=False, packages_select=None, packages_skip=None, packages_select_regex=None, packages_skip_regex=None, packages_start=None, packages_end=None, allow_overriding=[], cmake_args=None, cmake_target=None, cmake_target_skip_unavailable=False, cmake_clean_cache=False, cmake_clean_first=False, cmake_force_configure=False, ament_cmake_args=None, catkin_cmake_args=None, catkin_skip_building_tests=False, verb_parser=<colcon_defaults.argument_parser.defaults.DefaultArgumentsDecorator object at 0x729546f01060>, verb_extension=<colcon_core.verb.build.BuildVerb object at 0x729546f00730>, main=<bound method BuildVerb.main of <colcon_core.verb.build.BuildVerb object at 0x729546f00730>>)
[0.265s] Level 1:colcon.colcon_core.package_discovery:discover_packages(colcon_meta) check parameters
[0.265s] Level 1:colcon.colcon_core.package_discovery:discover_packages(recursive) check parameters
[0.265s] Level 1:colcon.colcon_core.package_discovery:discover_packages(ignore) check parameters
[0.265s] Level 1:colcon.colcon_core.package_discovery:discover_packages(path) check parameters
[0.265s] Level 1:colcon.colcon_core.package_discovery:discover_packages(colcon_meta) discover
[0.265s] Level 1:colcon.colcon_core.package_discovery:discover_packages(recursive) discover
[0.265s] INFO:colcon.colcon_core.package_discovery:Crawling recursively for packages in '/home/rw/can_control'
[0.265s] Level 1:colcon.colcon_core.package_identification:_identify(.) by extensions ['ignore', 'ignore_ament_install']
[0.265s] Level 1:colcon.colcon_core.package_identification:_identify(.) by extension 'ignore'
[0.265s] Level 1:colcon.colcon_core.package_identification:_identify(.) by extension 'ignore_ament_install'
[0.265s] Level 1:colcon.colcon_core.package_identification:_identify(.) by extensions ['colcon_pkg']
[0.265s] Level 1:colcon.colcon_core.package_identification:_identify(.) by extension 'colcon_pkg'
[0.266s] Level 1:colcon.colcon_core.package_identification:_identify(.) by extensions ['colcon_meta']
[0.266s] Level 1:colcon.colcon_core.package_identification:_identify(.) by extension 'colcon_meta'
[0.266s] Level 1:colcon.colcon_core.package_identification:_identify(.) by extensions ['ros']
[0.266s] Level 1:colcon.colcon_core.package_identification:_identify(.) by extension 'ros'
[0.276s] Level 1:colcon.colcon_core.package_identification:_identify(.) by extensions ['cmake', 'python']
[0.276s] Level 1:colcon.colcon_core.package_identification:_identify(.) by extension 'cmake'
[0.276s] Level 1:colcon.colcon_core.package_identification:_identify(.) by extension 'python'
[0.276s] Level 1:colcon.colcon_core.package_identification:_identify(.) by extensions ['python_setup_py']
[0.276s] Level 1:colcon.colcon_core.package_identification:_identify(.) by extension 'python_setup_py'
[0.276s] Level 1:colcon.colcon_core.package_identification:_identify(build) by extensions ['ignore', 'ignore_ament_install']
[0.276s] Level 1:colcon.colcon_core.package_identification:_identify(build) by extension 'ignore'
[0.276s] Level 1:colcon.colcon_core.package_identification:_identify(build) ignored
[0.276s] Level 1:colcon.colcon_core.package_identification:_identify(can_control) by extensions ['ignore', 'ignore_ament_install']
[0.276s] Level 1:colcon.colcon_core.package_identification:_identify(can_control) by extension 'ignore'
[0.276s] Level 1:colcon.colcon_core.package_identification:_identify(can_control) by extension 'ignore_ament_install'
[0.277s] Level 1:colcon.colcon_core.package_identification:_identify(can_control) by extensions ['colcon_pkg']
[0.277s] Level 1:colcon.colcon_core.package_identification:_identify(can_control) by extension 'colcon_pkg'
[0.277s] Level 1:colcon.colcon_core.package_identification:_identify(can_control) by extensions ['colcon_meta']
[0.277s] Level 1:colcon.colcon_core.package_identification:_identify(can_control) by extension 'colcon_meta'
[0.277s] Level 1:colcon.colcon_core.package_identification:_identify(can_control) by extensions ['ros']
[0.277s] Level 1:colcon.colcon_core.package_identification:_identify(can_control) by extension 'ros'
[0.279s] DEBUG:colcon.colcon_core.package_identification:Package 'can_control' with type 'ros.ament_cmake' and name 'can_control'
[0.279s] Level 1:colcon.colcon_core.package_identification:_identify(install) by extensions ['ignore', 'ignore_ament_install']
[0.279s] Level 1:colcon.colcon_core.package_identification:_identify(install) by extension 'ignore'
[0.279s] Level 1:colcon.colcon_core.package_identification:_identify(install) ignored
[0.279s] Level 1:colcon.colcon_core.package_identification:_identify(log) by extensions ['ignore', 'ignore_ament_install']
[0.279s] Level 1:colcon.colcon_core.package_identification:_identify(log) by extension 'ignore'
[0.279s] Level 1:colcon.colcon_core.package_identification:_identify(log) ignored
[0.279s] Level 1:colcon.colcon_core.package_discovery:discover_packages(recursive) using defaults
[0.279s] Level 1:colcon.colcon_core.package_discovery:discover_packages(ignore) discover
[0.279s] Level 1:colcon.colcon_core.package_discovery:discover_packages(ignore) using defaults
[0.279s] Level 1:colcon.colcon_core.package_discovery:discover_packages(path) discover
[0.279s] Level 1:colcon.colcon_core.package_discovery:discover_packages(path) using defaults
[0.308s] Level 1:colcon.colcon_core.package_discovery:discover_packages(prefix_path) check parameters
[0.308s] Level 1:colcon.colcon_core.package_discovery:discover_packages(prefix_path) discover
[0.309s] DEBUG:colcon.colcon_installed_package_information.package_discovery:Found 1 installed packages in /home/rw/can_control/install
[0.310s] DEBUG:colcon.colcon_installed_package_information.package_discovery:Found 391 installed packages in /opt/ros/humble
[0.312s] Level 1:colcon.colcon_core.package_discovery:discover_packages(prefix_path) using defaults
[0.349s] Level 5:colcon.colcon_core.verb:set package 'can_control' build argument 'cmake_args' from command line to 'None'
[0.349s] Level 5:colcon.colcon_core.verb:set package 'can_control' build argument 'cmake_target' from command line to 'None'
[0.349s] Level 5:colcon.colcon_core.verb:set package 'can_control' build argument 'cmake_target_skip_unavailable' from command line to 'False'
[0.349s] Level 5:colcon.colcon_core.verb:set package 'can_control' build argument 'cmake_clean_cache' from command line to 'False'
[0.349s] Level 5:colcon.colcon_core.verb:set package 'can_control' build argument 'cmake_clean_first' from command line to 'False'
[0.349s] Level 5:colcon.colcon_core.verb:set package 'can_control' build argument 'cmake_force_configure' from command line to 'False'
[0.349s] Level 5:colcon.colcon_core.verb:set package 'can_control' build argument 'ament_cmake_args' from command line to 'None'
[0.349s] Level 5:colcon.colcon_core.verb:set package 'can_control' build argument 'catkin_cmake_args' from command line to 'None'
[0.349s] Level 5:colcon.colcon_core.verb:set package 'can_control' build argument 'catkin_skip_building_tests' from command line to 'False'
[0.349s] DEBUG:colcon.colcon_core.verb:Building package 'can_control' with the following arguments: {'ament_cmake_args': None, 'build_base': '/home/rw/can_control/build/can_control', 'catkin_cmake_args': None, 'catkin_skip_building_tests': False, 'cmake_args': None, 'cmake_clean_cache': False, 'cmake_clean_first': False, 'cmake_force_configure': False, 'cmake_target': None, 'cmake_target_skip_unavailable': False, 'install_base': '/home/rw/can_control/install/can_control', 'merge_install': False, 'path': '/home/rw/can_control/can_control', 'symlink_install': False, 'test_result_base': None}
[0.349s] INFO:colcon.colcon_core.executor:Executing jobs using 'parallel' executor
[0.350s] DEBUG:colcon.colcon_parallel_executor.executor.parallel:run_until_complete
[0.350s] INFO:colcon.colcon_ros.task.ament_cmake.build:Building ROS package in '/home/rw/can_control/can_control' with build type 'ament_cmake'
[0.351s] INFO:colcon.colcon_cmake.task.cmake.build:Building CMake package in '/home/rw/can_control/can_control'
[0.355s] INFO:colcon.colcon_core.plugin_system:Skipping extension 'colcon_core.shell.bat': Not used on non-Windows systems
[0.355s] INFO:colcon.colcon_core.shell:Skip shell extension 'powershell' for command environment: Not usable outside of PowerShell
[0.355s] DEBUG:colcon.colcon_core.shell:Skip shell extension 'dsv' for command environment
[0.365s] DEBUG:colcon.colcon_core.event_handler.log_command:Invoking command in '/home/rw/can_control/build/can_control': CMAKE_PREFIX_PATH=${CMAKE_PREFIX_PATH}:/opt/ros/humble CONDA_PROMPT_MODIFIER=(base) /usr/bin/cmake --build /home/rw/can_control/build/can_control -- -j28 -l28
[9.144s] DEBUG:colcon.colcon_core.event_handler.log_command:Invoked command in '/home/rw/can_control/build/can_control' returned '0': CMAKE_PREFIX_PATH=${CMAKE_PREFIX_PATH}:/opt/ros/humble CONDA_PROMPT_MODIFIER=(base) /usr/bin/cmake --build /home/rw/can_control/build/can_control -- -j28 -l28
[9.157s] DEBUG:colcon.colcon_core.event_handler.log_command:Invoking command in '/home/rw/can_control/build/can_control': CMAKE_PREFIX_PATH=${CMAKE_PREFIX_PATH}:/opt/ros/humble CONDA_PROMPT_MODIFIER=(base) /usr/bin/cmake --install /home/rw/can_control/build/can_control
[9.175s] Level 1:colcon.colcon_core.environment:create_environment_scripts_only(can_control)
[9.175s] DEBUG:colcon.colcon_core.event_handler.log_command:Invoked command in '/home/rw/can_control/build/can_control' returned '0': CMAKE_PREFIX_PATH=${CMAKE_PREFIX_PATH}:/opt/ros/humble CONDA_PROMPT_MODIFIER=(base) /usr/bin/cmake --install /home/rw/can_control/build/can_control
[9.179s] Level 1:colcon.colcon_core.environment:checking '/home/rw/can_control/install/can_control' for CMake module files
[9.179s] Level 1:colcon.colcon_core.environment:checking '/home/rw/can_control/install/can_control' for CMake config files
[9.179s] Level 1:colcon.colcon_core.shell:create_environment_hook('can_control', 'cmake_prefix_path')
[9.179s] INFO:colcon.colcon_core.shell:Creating environment hook '/home/rw/can_control/install/can_control/share/can_control/hook/cmake_prefix_path.ps1'
[9.180s] INFO:colcon.colcon_core.shell:Creating environment descriptor '/home/rw/can_control/install/can_control/share/can_control/hook/cmake_prefix_path.dsv'
[9.180s] INFO:colcon.colcon_core.shell:Creating environment hook '/home/rw/can_control/install/can_control/share/can_control/hook/cmake_prefix_path.sh'
[9.181s] Level 1:colcon.colcon_core.environment:checking '/home/rw/can_control/install/can_control/lib'
[9.181s] Level 1:colcon.colcon_core.environment:checking '/home/rw/can_control/install/can_control/bin'
[9.181s] Level 1:colcon.colcon_core.environment:checking '/home/rw/can_control/install/can_control/lib/pkgconfig/can_control.pc'
[9.181s] Level 1:colcon.colcon_core.environment:checking '/home/rw/can_control/install/can_control/lib/python3.10/site-packages'
[9.182s] Level 1:colcon.colcon_core.environment:checking '/home/rw/can_control/install/can_control/bin'
[9.182s] INFO:colcon.colcon_core.shell:Creating package script '/home/rw/can_control/install/can_control/share/can_control/package.ps1'
[9.182s] INFO:colcon.colcon_core.shell:Creating package descriptor '/home/rw/can_control/install/can_control/share/can_control/package.dsv'
[9.183s] INFO:colcon.colcon_core.shell:Creating package script '/home/rw/can_control/install/can_control/share/can_control/package.sh'
[9.183s] INFO:colcon.colcon_core.shell:Creating package script '/home/rw/can_control/install/can_control/share/can_control/package.bash'
[9.184s] INFO:colcon.colcon_core.shell:Creating package script '/home/rw/can_control/install/can_control/share/can_control/package.zsh'
[9.185s] Level 1:colcon.colcon_core.environment:create_file_with_runtime_dependencies(/home/rw/can_control/install/can_control/share/colcon-core/packages/can_control)
[9.185s] Level 1:colcon.colcon_core.environment:create_environment_scripts_only(can_control)
[9.185s] Level 1:colcon.colcon_core.environment:checking '/home/rw/can_control/install/can_control' for CMake module files
[9.186s] Level 1:colcon.colcon_core.environment:checking '/home/rw/can_control/install/can_control' for CMake config files
[9.186s] Level 1:colcon.colcon_core.shell:create_environment_hook('can_control', 'cmake_prefix_path')
[9.186s] INFO:colcon.colcon_core.shell:Creating environment hook '/home/rw/can_control/install/can_control/share/can_control/hook/cmake_prefix_path.ps1'
[9.186s] INFO:colcon.colcon_core.shell:Creating environment descriptor '/home/rw/can_control/install/can_control/share/can_control/hook/cmake_prefix_path.dsv'
[9.187s] INFO:colcon.colcon_core.shell:Creating environment hook '/home/rw/can_control/install/can_control/share/can_control/hook/cmake_prefix_path.sh'
[9.187s] Level 1:colcon.colcon_core.environment:checking '/home/rw/can_control/install/can_control/lib'
[9.187s] Level 1:colcon.colcon_core.environment:checking '/home/rw/can_control/install/can_control/bin'
[9.187s] Level 1:colcon.colcon_core.environment:checking '/home/rw/can_control/install/can_control/lib/pkgconfig/can_control.pc'
[9.187s] Level 1:colcon.colcon_core.environment:checking '/home/rw/can_control/install/can_control/lib/python3.10/site-packages'
[9.188s] Level 1:colcon.colcon_core.environment:checking '/home/rw/can_control/install/can_control/bin'
[9.188s] INFO:colcon.colcon_core.shell:Creating package script '/home/rw/can_control/install/can_control/share/can_control/package.ps1'
[9.188s] INFO:colcon.colcon_core.shell:Creating package descriptor '/home/rw/can_control/install/can_control/share/can_control/package.dsv'
[9.189s] INFO:colcon.colcon_core.shell:Creating package script '/home/rw/can_control/install/can_control/share/can_control/package.sh'
[9.189s] INFO:colcon.colcon_core.shell:Creating package script '/home/rw/can_control/install/can_control/share/can_control/package.bash'
[9.189s] INFO:colcon.colcon_core.shell:Creating package script '/home/rw/can_control/install/can_control/share/can_control/package.zsh'
[9.190s] Level 1:colcon.colcon_core.environment:create_file_with_runtime_dependencies(/home/rw/can_control/install/can_control/share/colcon-core/packages/can_control)
[9.190s] DEBUG:colcon.colcon_parallel_executor.executor.parallel:closing loop
[9.190s] DEBUG:colcon.colcon_parallel_executor.executor.parallel:loop closed
[9.190s] DEBUG:colcon.colcon_parallel_executor.executor.parallel:run_until_complete finished with '0'
[9.190s] DEBUG:colcon.colcon_core.event_reactor:joining thread
[9.194s] INFO:colcon.colcon_core.plugin_system:Skipping extension 'colcon_notification.desktop_notification.terminal_notifier': Not used on non-Darwin systems
[9.194s] INFO:colcon.colcon_core.plugin_system:Skipping extension 'colcon_notification.desktop_notification.win32': Not used on non-Windows systems
[9.194s] INFO:colcon.colcon_notification.desktop_notification:Sending desktop notification using 'notify2'
[9.209s] DEBUG:colcon.colcon_core.event_reactor:joined thread
[9.210s] INFO:colcon.colcon_core.shell:Creating prefix script '/home/rw/can_control/install/local_setup.ps1'
[9.211s] INFO:colcon.colcon_core.shell:Creating prefix util module '/home/rw/can_control/install/_local_setup_util_ps1.py'
[9.212s] INFO:colcon.colcon_core.shell:Creating prefix chain script '/home/rw/can_control/install/setup.ps1'
[9.213s] INFO:colcon.colcon_core.shell:Creating prefix script '/home/rw/can_control/install/local_setup.sh'
[9.213s] INFO:colcon.colcon_core.shell:Creating prefix util module '/home/rw/can_control/install/_local_setup_util_sh.py'
[9.213s] INFO:colcon.colcon_core.shell:Creating prefix chain script '/home/rw/can_control/install/setup.sh'
[9.214s] INFO:colcon.colcon_core.shell:Creating prefix script '/home/rw/can_control/install/local_setup.bash'
[9.215s] INFO:colcon.colcon_core.shell:Creating prefix chain script '/home/rw/can_control/install/setup.bash'
[9.215s] INFO:colcon.colcon_core.shell:Creating prefix script '/home/rw/can_control/install/local_setup.zsh'
[9.216s] INFO:colcon.colcon_core.shell:Creating prefix chain script '/home/rw/can_control/install/setup.zsh'
