-- Found ament_cmake: 1.3.12 (/opt/ros/humble/share/ament_cmake/cmake)
-- Found rclcpp: 16.0.15 (/opt/ros/humble/share/rclcpp/cmake)
-- Found rosidl_generator_c: 3.1.7 (/opt/ros/humble/share/rosidl_generator_c/cmake)
-- Found rosidl_adapter: 3.1.7 (/opt/ros/humble/share/rosidl_adapter/cmake)
-- Found rosidl_generator_cpp: 3.1.7 (/opt/ros/humble/share/rosidl_generator_cpp/cmake)
-- Using all available rosidl_typesupport_c: rosidl_typesupport_fastrtps_c;rosidl_typesupport_introspection_c
-- Using all available rosidl_typesupport_cpp: rosidl_typesupport_fastrtps_cpp;rosidl_typesupport_introspection_cpp
-- Found rmw_implementation_cmake: 6.1.2 (/opt/ros/humble/share/rmw_implementation_cmake/cmake)
-- Found rmw_cyclonedds_cpp: 1.3.4 (/opt/ros/humble/share/rmw_cyclonedds_cpp/cmake)
-- Using RMW implementation 'rmw_cyclonedds_cpp' as default
-- Found geometry_msgs: 4.9.0 (/opt/ros/humble/share/geometry_msgs/cmake)
-- Found sensor_msgs: 4.9.0 (/opt/ros/humble/share/sensor_msgs/cmake)
-- Found ament_lint_auto: 0.12.14 (/opt/ros/humble/share/ament_lint_auto/cmake)
-- Added test 'cppcheck' to perform static code analysis on C / C++ code
-- Configured cppcheck include dirs: /home/rw/can_control/can_control/include
-- Configured cppcheck exclude dirs and/or files: 
-- Added test 'flake8' to check Python code syntax and style conventions
-- Added test 'lint_cmake' to check CMake code style
-- Added test 'pep257' to check Python code against some of the docstring style conventions in PEP 257
-- Added test 'uncrustify' to check C / C++ code style
-- Configured uncrustify additional arguments: 
-- Added test 'xmllint' to check XML markup files
-- Configuring done
-- Generating done
-- Build files have been written to: /home/rw/can_control/build/can_control
[35m[1mConsolidate compiler generated dependencies of target can_control[0m
[100%] Built target can_control
-- Install configuration: ""
-- Up-to-date: /home/rw/can_control/install/can_control/lib/can_control/can_control
-- Up-to-date: /home/rw/can_control/install/can_control/include
-- Up-to-date: /home/rw/can_control/install/can_control/include/can_control
-- Up-to-date: /home/rw/can_control/install/can_control/include/can_control/usb_can_v2.hpp
-- Installing: /home/rw/can_control/install/can_control/share/can_control/launch
-- Installing: /home/rw/can_control/install/can_control/share/can_control/launch/can_control_launch.py
-- Up-to-date: /home/rw/can_control/install/can_control/share/ament_index/resource_index/package_run_dependencies/can_control
-- Installing: /home/rw/can_control/install/can_control/share/ament_index/resource_index/parent_prefix_path/can_control
-- Up-to-date: /home/rw/can_control/install/can_control/share/can_control/environment/ament_prefix_path.sh
-- Installing: /home/rw/can_control/install/can_control/share/can_control/environment/ament_prefix_path.dsv
-- Up-to-date: /home/rw/can_control/install/can_control/share/can_control/environment/path.sh
-- Installing: /home/rw/can_control/install/can_control/share/can_control/environment/path.dsv
-- Up-to-date: /home/rw/can_control/install/can_control/share/can_control/local_setup.bash
-- Up-to-date: /home/rw/can_control/install/can_control/share/can_control/local_setup.sh
-- Up-to-date: /home/rw/can_control/install/can_control/share/can_control/local_setup.zsh
-- Installing: /home/rw/can_control/install/can_control/share/can_control/local_setup.dsv
-- Installing: /home/rw/can_control/install/can_control/share/can_control/package.dsv
-- Up-to-date: /home/rw/can_control/install/can_control/share/ament_index/resource_index/packages/can_control
-- Up-to-date: /home/rw/can_control/install/can_control/share/can_control/cmake/can_controlConfig.cmake
-- Up-to-date: /home/rw/can_control/install/can_control/share/can_control/cmake/can_controlConfig-version.cmake
-- Up-to-date: /home/rw/can_control/install/can_control/share/can_control/package.xml
