[0.008s] Invoking command in '/home/rw/can_control/build/can_control': CMAKE_PREFIX_PATH=${CMAKE_PREFIX_PATH}:/opt/ros/humble CONDA_PROMPT_MODIFIER=(base) /usr/bin/cmake --build /home/rw/can_control/build/can_control -- -j28 -l28
[0.024s] -- Found ament_cmake: 1.3.12 (/opt/ros/humble/share/ament_cmake/cmake)
[0.099s] -- Found rclcpp: 16.0.15 (/opt/ros/humble/share/rclcpp/cmake)
[0.117s] -- Found rosidl_generator_c: 3.1.7 (/opt/ros/humble/share/rosidl_generator_c/cmake)
[0.118s] -- Found rosidl_adapter: 3.1.7 (/opt/ros/humble/share/rosidl_adapter/cmake)
[0.122s] -- Found rosidl_generator_cpp: 3.1.7 (/opt/ros/humble/share/rosidl_generator_cpp/cmake)
[0.127s] -- Using all available rosidl_typesupport_c: rosidl_typesupport_fastrtps_c;rosidl_typesupport_introspection_c
[0.135s] -- Using all available rosidl_typesupport_cpp: rosidl_typesupport_fastrtps_cpp;rosidl_typesupport_introspection_cpp
[0.154s] -- Found rmw_implementation_cmake: 6.1.2 (/opt/ros/humble/share/rmw_implementation_cmake/cmake)
[0.155s] -- Found rmw_cyclonedds_cpp: 1.3.4 (/opt/ros/humble/share/rmw_cyclonedds_cpp/cmake)
[0.166s] -- Using RMW implementation 'rmw_cyclonedds_cpp' as default
[0.195s] -- Found geometry_msgs: 4.9.0 (/opt/ros/humble/share/geometry_msgs/cmake)
[0.202s] -- Found sensor_msgs: 4.9.0 (/opt/ros/humble/share/sensor_msgs/cmake)
[0.216s] -- Found ament_lint_auto: 0.12.14 (/opt/ros/humble/share/ament_lint_auto/cmake)
[0.277s] -- Added test 'cppcheck' to perform static code analysis on C / C++ code
[0.277s] -- Configured cppcheck include dirs: /home/rw/can_control/can_control/include
[0.277s] -- Configured cppcheck exclude dirs and/or files: 
[0.277s] -- Added test 'flake8' to check Python code syntax and style conventions
[0.278s] -- Added test 'lint_cmake' to check CMake code style
[0.278s] -- Added test 'pep257' to check Python code against some of the docstring style conventions in PEP 257
[0.279s] -- Added test 'uncrustify' to check C / C++ code style
[0.279s] -- Configured uncrustify additional arguments: 
[0.279s] -- Added test 'xmllint' to check XML markup files
[0.280s] -- Configuring done
[0.287s] -- Generating done
[0.290s] -- Build files have been written to: /home/rw/can_control/build/can_control
[0.308s] [35m[1mConsolidate compiler generated dependencies of target can_control[0m
[0.319s] [100%] Built target can_control
[0.325s] Invoked command in '/home/rw/can_control/build/can_control' returned '0': CMAKE_PREFIX_PATH=${CMAKE_PREFIX_PATH}:/opt/ros/humble CONDA_PROMPT_MODIFIER=(base) /usr/bin/cmake --build /home/rw/can_control/build/can_control -- -j28 -l28
[0.330s] Invoking command in '/home/rw/can_control/build/can_control': CMAKE_PREFIX_PATH=${CMAKE_PREFIX_PATH}:/opt/ros/humble CONDA_PROMPT_MODIFIER=(base) /usr/bin/cmake --install /home/rw/can_control/build/can_control
[0.334s] -- Install configuration: ""
[0.334s] -- Up-to-date: /home/rw/can_control/install/can_control/lib/can_control/can_control
[0.334s] -- Up-to-date: /home/rw/can_control/install/can_control/include
[0.334s] -- Up-to-date: /home/rw/can_control/install/can_control/include/can_control
[0.334s] -- Up-to-date: /home/rw/can_control/install/can_control/include/can_control/usb_can_v2.hpp
[0.334s] -- Installing: /home/rw/can_control/install/can_control/share/can_control/launch
[0.334s] -- Installing: /home/rw/can_control/install/can_control/share/can_control/launch/can_control_launch.py
[0.334s] -- Up-to-date: /home/rw/can_control/install/can_control/share/ament_index/resource_index/package_run_dependencies/can_control
[0.334s] -- Installing: /home/rw/can_control/install/can_control/share/ament_index/resource_index/parent_prefix_path/can_control
[0.334s] -- Up-to-date: /home/rw/can_control/install/can_control/share/can_control/environment/ament_prefix_path.sh
[0.334s] -- Installing: /home/rw/can_control/install/can_control/share/can_control/environment/ament_prefix_path.dsv
[0.334s] -- Up-to-date: /home/rw/can_control/install/can_control/share/can_control/environment/path.sh
[0.334s] -- Installing: /home/rw/can_control/install/can_control/share/can_control/environment/path.dsv
[0.334s] -- Up-to-date: /home/rw/can_control/install/can_control/share/can_control/local_setup.bash
[0.335s] -- Up-to-date: /home/rw/can_control/install/can_control/share/can_control/local_setup.sh
[0.335s] -- Up-to-date: /home/rw/can_control/install/can_control/share/can_control/local_setup.zsh
[0.335s] -- Installing: /home/rw/can_control/install/can_control/share/can_control/local_setup.dsv
[0.335s] -- Installing: /home/rw/can_control/install/can_control/share/can_control/package.dsv
[0.335s] -- Up-to-date: /home/rw/can_control/install/can_control/share/ament_index/resource_index/packages/can_control
[0.335s] -- Up-to-date: /home/rw/can_control/install/can_control/share/can_control/cmake/can_controlConfig.cmake
[0.335s] -- Up-to-date: /home/rw/can_control/install/can_control/share/can_control/cmake/can_controlConfig-version.cmake
[0.335s] -- Up-to-date: /home/rw/can_control/install/can_control/share/can_control/package.xml
[0.336s] Invoked command in '/home/rw/can_control/build/can_control' returned '0': CMAKE_PREFIX_PATH=${CMAKE_PREFIX_PATH}:/opt/ros/humble CONDA_PROMPT_MODIFIER=(base) /usr/bin/cmake --install /home/rw/can_control/build/can_control
