[0.048s] DEBUG:colcon:Command line arguments: ['/usr/bin/colcon', 'build']
[0.048s] DEBUG:colcon:Parsed command line arguments: Namespace(log_base=None, log_level=None, verb_name='build', build_base='build', install_base='install', merge_install=False, symlink_install=False, test_result_base=None, continue_on_error=False, executor='parallel', parallel_workers=28, event_handlers=None, ignore_user_meta=False, metas=['./colcon.meta'], base_paths=['.'], packages_ignore=None, packages_ignore_regex=None, paths=None, packages_up_to=None, packages_up_to_regex=None, packages_above=None, packages_above_and_dependencies=None, packages_above_depth=None, packages_select_by_dep=None, packages_skip_by_dep=None, packages_skip_up_to=None, packages_select_build_failed=False, packages_skip_build_finished=False, packages_select_test_failures=False, packages_skip_test_passed=False, packages_select=None, packages_skip=None, packages_select_regex=None, packages_skip_regex=None, packages_start=None, packages_end=None, allow_overriding=[], cmake_args=None, cmake_target=None, cmake_target_skip_unavailable=False, cmake_clean_cache=False, cmake_clean_first=False, cmake_force_configure=False, ament_cmake_args=None, catkin_cmake_args=None, catkin_skip_building_tests=False, verb_parser=<colcon_defaults.argument_parser.defaults.DefaultArgumentsDecorator object at 0x75fd2b2191b0>, verb_extension=<colcon_core.verb.build.BuildVerb object at 0x75fd2b218880>, main=<bound method BuildVerb.main of <colcon_core.verb.build.BuildVerb object at 0x75fd2b218880>>)
[0.124s] Level 1:colcon.colcon_core.package_discovery:discover_packages(colcon_meta) check parameters
[0.124s] Level 1:colcon.colcon_core.package_discovery:discover_packages(recursive) check parameters
[0.124s] Level 1:colcon.colcon_core.package_discovery:discover_packages(ignore) check parameters
[0.124s] Level 1:colcon.colcon_core.package_discovery:discover_packages(path) check parameters
[0.124s] Level 1:colcon.colcon_core.package_discovery:discover_packages(colcon_meta) discover
[0.124s] Level 1:colcon.colcon_core.package_discovery:discover_packages(recursive) discover
[0.124s] INFO:colcon.colcon_core.package_discovery:Crawling recursively for packages in '/home/rw/can_control'
[0.124s] Level 1:colcon.colcon_core.package_identification:_identify(.) by extensions ['ignore', 'ignore_ament_install']
[0.125s] Level 1:colcon.colcon_core.package_identification:_identify(.) by extension 'ignore'
[0.125s] Level 1:colcon.colcon_core.package_identification:_identify(.) by extension 'ignore_ament_install'
[0.125s] Level 1:colcon.colcon_core.package_identification:_identify(.) by extensions ['colcon_pkg']
[0.125s] Level 1:colcon.colcon_core.package_identification:_identify(.) by extension 'colcon_pkg'
[0.125s] Level 1:colcon.colcon_core.package_identification:_identify(.) by extensions ['colcon_meta']
[0.125s] Level 1:colcon.colcon_core.package_identification:_identify(.) by extension 'colcon_meta'
[0.125s] Level 1:colcon.colcon_core.package_identification:_identify(.) by extensions ['ros']
[0.125s] Level 1:colcon.colcon_core.package_identification:_identify(.) by extension 'ros'
[0.130s] Level 1:colcon.colcon_core.package_identification:_identify(.) by extensions ['cmake', 'python']
[0.130s] Level 1:colcon.colcon_core.package_identification:_identify(.) by extension 'cmake'
[0.130s] Level 1:colcon.colcon_core.package_identification:_identify(.) by extension 'python'
[0.130s] Level 1:colcon.colcon_core.package_identification:_identify(.) by extensions ['python_setup_py']
[0.130s] Level 1:colcon.colcon_core.package_identification:_identify(.) by extension 'python_setup_py'
[0.130s] Level 1:colcon.colcon_core.package_identification:_identify(build) by extensions ['ignore', 'ignore_ament_install']
[0.130s] Level 1:colcon.colcon_core.package_identification:_identify(build) by extension 'ignore'
[0.130s] Level 1:colcon.colcon_core.package_identification:_identify(build) ignored
[0.131s] Level 1:colcon.colcon_core.package_identification:_identify(can_control) by extensions ['ignore', 'ignore_ament_install']
[0.131s] Level 1:colcon.colcon_core.package_identification:_identify(can_control) by extension 'ignore'
[0.131s] Level 1:colcon.colcon_core.package_identification:_identify(can_control) by extension 'ignore_ament_install'
[0.131s] Level 1:colcon.colcon_core.package_identification:_identify(can_control) by extensions ['colcon_pkg']
[0.131s] Level 1:colcon.colcon_core.package_identification:_identify(can_control) by extension 'colcon_pkg'
[0.131s] Level 1:colcon.colcon_core.package_identification:_identify(can_control) by extensions ['colcon_meta']
[0.131s] Level 1:colcon.colcon_core.package_identification:_identify(can_control) by extension 'colcon_meta'
[0.131s] Level 1:colcon.colcon_core.package_identification:_identify(can_control) by extensions ['ros']
[0.131s] Level 1:colcon.colcon_core.package_identification:_identify(can_control) by extension 'ros'
[0.132s] DEBUG:colcon.colcon_core.package_identification:Package 'can_control' with type 'ros.ament_cmake' and name 'can_control'
[0.132s] Level 1:colcon.colcon_core.package_identification:_identify(install) by extensions ['ignore', 'ignore_ament_install']
[0.132s] Level 1:colcon.colcon_core.package_identification:_identify(install) by extension 'ignore'
[0.132s] Level 1:colcon.colcon_core.package_identification:_identify(install) ignored
[0.132s] Level 1:colcon.colcon_core.package_identification:_identify(log) by extensions ['ignore', 'ignore_ament_install']
[0.132s] Level 1:colcon.colcon_core.package_identification:_identify(log) by extension 'ignore'
[0.132s] Level 1:colcon.colcon_core.package_identification:_identify(log) ignored
[0.132s] Level 1:colcon.colcon_core.package_discovery:discover_packages(recursive) using defaults
[0.132s] Level 1:colcon.colcon_core.package_discovery:discover_packages(ignore) discover
[0.132s] Level 1:colcon.colcon_core.package_discovery:discover_packages(ignore) using defaults
[0.132s] Level 1:colcon.colcon_core.package_discovery:discover_packages(path) discover
[0.132s] Level 1:colcon.colcon_core.package_discovery:discover_packages(path) using defaults
[0.146s] Level 1:colcon.colcon_core.package_discovery:discover_packages(prefix_path) check parameters
[0.146s] Level 1:colcon.colcon_core.package_discovery:discover_packages(prefix_path) discover
[0.146s] DEBUG:colcon.colcon_installed_package_information.package_discovery:Found 1 installed packages in /home/rw/can_control/install
[0.147s] DEBUG:colcon.colcon_installed_package_information.package_discovery:Found 391 installed packages in /opt/ros/humble
[0.148s] Level 1:colcon.colcon_core.package_discovery:discover_packages(prefix_path) using defaults
[0.169s] Level 5:colcon.colcon_core.verb:set package 'can_control' build argument 'cmake_args' from command line to 'None'
[0.169s] Level 5:colcon.colcon_core.verb:set package 'can_control' build argument 'cmake_target' from command line to 'None'
[0.169s] Level 5:colcon.colcon_core.verb:set package 'can_control' build argument 'cmake_target_skip_unavailable' from command line to 'False'
[0.169s] Level 5:colcon.colcon_core.verb:set package 'can_control' build argument 'cmake_clean_cache' from command line to 'False'
[0.169s] Level 5:colcon.colcon_core.verb:set package 'can_control' build argument 'cmake_clean_first' from command line to 'False'
[0.169s] Level 5:colcon.colcon_core.verb:set package 'can_control' build argument 'cmake_force_configure' from command line to 'False'
[0.169s] Level 5:colcon.colcon_core.verb:set package 'can_control' build argument 'ament_cmake_args' from command line to 'None'
[0.169s] Level 5:colcon.colcon_core.verb:set package 'can_control' build argument 'catkin_cmake_args' from command line to 'None'
[0.169s] Level 5:colcon.colcon_core.verb:set package 'can_control' build argument 'catkin_skip_building_tests' from command line to 'False'
[0.169s] DEBUG:colcon.colcon_core.verb:Building package 'can_control' with the following arguments: {'ament_cmake_args': None, 'build_base': '/home/rw/can_control/build/can_control', 'catkin_cmake_args': None, 'catkin_skip_building_tests': False, 'cmake_args': None, 'cmake_clean_cache': False, 'cmake_clean_first': False, 'cmake_force_configure': False, 'cmake_target': None, 'cmake_target_skip_unavailable': False, 'install_base': '/home/rw/can_control/install/can_control', 'merge_install': False, 'path': '/home/rw/can_control/can_control', 'symlink_install': False, 'test_result_base': None}
[0.169s] INFO:colcon.colcon_core.executor:Executing jobs using 'parallel' executor
[0.170s] DEBUG:colcon.colcon_parallel_executor.executor.parallel:run_until_complete
[0.170s] INFO:colcon.colcon_ros.task.ament_cmake.build:Building ROS package in '/home/rw/can_control/can_control' with build type 'ament_cmake'
[0.170s] INFO:colcon.colcon_cmake.task.cmake.build:Building CMake package in '/home/rw/can_control/can_control'
[0.171s] INFO:colcon.colcon_core.plugin_system:Skipping extension 'colcon_core.shell.bat': Not used on non-Windows systems
[0.171s] INFO:colcon.colcon_core.shell:Skip shell extension 'powershell' for command environment: Not usable outside of PowerShell
[0.171s] DEBUG:colcon.colcon_core.shell:Skip shell extension 'dsv' for command environment
[0.177s] DEBUG:colcon.colcon_core.event_handler.log_command:Invoking command in '/home/rw/can_control/build/can_control': CMAKE_PREFIX_PATH=${CMAKE_PREFIX_PATH}:/opt/ros/humble CONDA_PROMPT_MODIFIER=(base) /usr/bin/cmake --build /home/rw/can_control/build/can_control -- -j28 -l28
[6.038s] DEBUG:colcon.colcon_core.event_handler.log_command:Invoked command in '/home/rw/can_control/build/can_control' returned '0': CMAKE_PREFIX_PATH=${CMAKE_PREFIX_PATH}:/opt/ros/humble CONDA_PROMPT_MODIFIER=(base) /usr/bin/cmake --build /home/rw/can_control/build/can_control -- -j28 -l28
[6.045s] DEBUG:colcon.colcon_core.event_handler.log_command:Invoking command in '/home/rw/can_control/build/can_control': CMAKE_PREFIX_PATH=${CMAKE_PREFIX_PATH}:/opt/ros/humble CONDA_PROMPT_MODIFIER=(base) /usr/bin/cmake --install /home/rw/can_control/build/can_control
[6.055s] Level 1:colcon.colcon_core.environment:create_environment_scripts_only(can_control)
[6.055s] DEBUG:colcon.colcon_core.event_handler.log_command:Invoked command in '/home/rw/can_control/build/can_control' returned '0': CMAKE_PREFIX_PATH=${CMAKE_PREFIX_PATH}:/opt/ros/humble CONDA_PROMPT_MODIFIER=(base) /usr/bin/cmake --install /home/rw/can_control/build/can_control
[6.057s] Level 1:colcon.colcon_core.environment:checking '/home/rw/can_control/install/can_control' for CMake module files
[6.057s] Level 1:colcon.colcon_core.environment:checking '/home/rw/can_control/install/can_control' for CMake config files
[6.057s] Level 1:colcon.colcon_core.shell:create_environment_hook('can_control', 'cmake_prefix_path')
[6.057s] INFO:colcon.colcon_core.shell:Creating environment hook '/home/rw/can_control/install/can_control/share/can_control/hook/cmake_prefix_path.ps1'
[6.058s] INFO:colcon.colcon_core.shell:Creating environment descriptor '/home/rw/can_control/install/can_control/share/can_control/hook/cmake_prefix_path.dsv'
[6.058s] INFO:colcon.colcon_core.shell:Creating environment hook '/home/rw/can_control/install/can_control/share/can_control/hook/cmake_prefix_path.sh'
[6.058s] Level 1:colcon.colcon_core.environment:checking '/home/rw/can_control/install/can_control/lib'
[6.058s] Level 1:colcon.colcon_core.environment:checking '/home/rw/can_control/install/can_control/bin'
[6.058s] Level 1:colcon.colcon_core.environment:checking '/home/rw/can_control/install/can_control/lib/pkgconfig/can_control.pc'
[6.058s] Level 1:colcon.colcon_core.environment:checking '/home/rw/can_control/install/can_control/lib/python3.10/site-packages'
[6.059s] Level 1:colcon.colcon_core.environment:checking '/home/rw/can_control/install/can_control/bin'
[6.059s] INFO:colcon.colcon_core.shell:Creating package script '/home/rw/can_control/install/can_control/share/can_control/package.ps1'
[6.059s] INFO:colcon.colcon_core.shell:Creating package descriptor '/home/rw/can_control/install/can_control/share/can_control/package.dsv'
[6.059s] INFO:colcon.colcon_core.shell:Creating package script '/home/rw/can_control/install/can_control/share/can_control/package.sh'
[6.060s] INFO:colcon.colcon_core.shell:Creating package script '/home/rw/can_control/install/can_control/share/can_control/package.bash'
[6.060s] INFO:colcon.colcon_core.shell:Creating package script '/home/rw/can_control/install/can_control/share/can_control/package.zsh'
[6.060s] Level 1:colcon.colcon_core.environment:create_file_with_runtime_dependencies(/home/rw/can_control/install/can_control/share/colcon-core/packages/can_control)
[6.060s] Level 1:colcon.colcon_core.environment:create_environment_scripts_only(can_control)
[6.060s] Level 1:colcon.colcon_core.environment:checking '/home/rw/can_control/install/can_control' for CMake module files
[6.061s] Level 1:colcon.colcon_core.environment:checking '/home/rw/can_control/install/can_control' for CMake config files
[6.061s] Level 1:colcon.colcon_core.shell:create_environment_hook('can_control', 'cmake_prefix_path')
[6.061s] INFO:colcon.colcon_core.shell:Creating environment hook '/home/rw/can_control/install/can_control/share/can_control/hook/cmake_prefix_path.ps1'
[6.061s] INFO:colcon.colcon_core.shell:Creating environment descriptor '/home/rw/can_control/install/can_control/share/can_control/hook/cmake_prefix_path.dsv'
[6.061s] INFO:colcon.colcon_core.shell:Creating environment hook '/home/rw/can_control/install/can_control/share/can_control/hook/cmake_prefix_path.sh'
[6.061s] Level 1:colcon.colcon_core.environment:checking '/home/rw/can_control/install/can_control/lib'
[6.061s] Level 1:colcon.colcon_core.environment:checking '/home/rw/can_control/install/can_control/bin'
[6.061s] Level 1:colcon.colcon_core.environment:checking '/home/rw/can_control/install/can_control/lib/pkgconfig/can_control.pc'
[6.061s] Level 1:colcon.colcon_core.environment:checking '/home/rw/can_control/install/can_control/lib/python3.10/site-packages'
[6.062s] Level 1:colcon.colcon_core.environment:checking '/home/rw/can_control/install/can_control/bin'
[6.062s] INFO:colcon.colcon_core.shell:Creating package script '/home/rw/can_control/install/can_control/share/can_control/package.ps1'
[6.062s] INFO:colcon.colcon_core.shell:Creating package descriptor '/home/rw/can_control/install/can_control/share/can_control/package.dsv'
[6.062s] INFO:colcon.colcon_core.shell:Creating package script '/home/rw/can_control/install/can_control/share/can_control/package.sh'
[6.062s] INFO:colcon.colcon_core.shell:Creating package script '/home/rw/can_control/install/can_control/share/can_control/package.bash'
[6.062s] INFO:colcon.colcon_core.shell:Creating package script '/home/rw/can_control/install/can_control/share/can_control/package.zsh'
[6.063s] Level 1:colcon.colcon_core.environment:create_file_with_runtime_dependencies(/home/rw/can_control/install/can_control/share/colcon-core/packages/can_control)
[6.063s] DEBUG:colcon.colcon_parallel_executor.executor.parallel:closing loop
[6.063s] DEBUG:colcon.colcon_parallel_executor.executor.parallel:loop closed
[6.063s] DEBUG:colcon.colcon_parallel_executor.executor.parallel:run_until_complete finished with '0'
[6.063s] DEBUG:colcon.colcon_core.event_reactor:joining thread
[6.065s] INFO:colcon.colcon_core.plugin_system:Skipping extension 'colcon_notification.desktop_notification.terminal_notifier': Not used on non-Darwin systems
[6.065s] INFO:colcon.colcon_core.plugin_system:Skipping extension 'colcon_notification.desktop_notification.win32': Not used on non-Windows systems
[6.065s] INFO:colcon.colcon_notification.desktop_notification:Sending desktop notification using 'notify2'
[6.073s] DEBUG:colcon.colcon_core.event_reactor:joined thread
[6.073s] INFO:colcon.colcon_core.shell:Creating prefix script '/home/rw/can_control/install/local_setup.ps1'
[6.073s] INFO:colcon.colcon_core.shell:Creating prefix util module '/home/rw/can_control/install/_local_setup_util_ps1.py'
[6.074s] INFO:colcon.colcon_core.shell:Creating prefix chain script '/home/rw/can_control/install/setup.ps1'
[6.074s] INFO:colcon.colcon_core.shell:Creating prefix script '/home/rw/can_control/install/local_setup.sh'
[6.075s] INFO:colcon.colcon_core.shell:Creating prefix util module '/home/rw/can_control/install/_local_setup_util_sh.py'
[6.075s] INFO:colcon.colcon_core.shell:Creating prefix chain script '/home/rw/can_control/install/setup.sh'
[6.075s] INFO:colcon.colcon_core.shell:Creating prefix script '/home/rw/can_control/install/local_setup.bash'
[6.075s] INFO:colcon.colcon_core.shell:Creating prefix chain script '/home/rw/can_control/install/setup.bash'
[6.076s] INFO:colcon.colcon_core.shell:Creating prefix script '/home/rw/can_control/install/local_setup.zsh'
[6.076s] INFO:colcon.colcon_core.shell:Creating prefix chain script '/home/rw/can_control/install/setup.zsh'
